------ 1. Lexing ----------
------ 2. Parsing ---------
------ 3. Validating ------
------ 4. Loading conf ----
Loaded1 server(s) 
Server 0has7location(s)
location: / root: www/static
location: /images root: www
location: /upload root: www/upload
location: /files root: www/static
location: /redirect root: 
location: /old-page root: 
location: /errors root: www
--- 5. Starting Server ---
[LISTEN]0.0.0.0:8080 fd=4
Server is running! Waiting for connections...
[ACCEPT] client fd=5
[ROUTE] GET / -> www/static/
[RESPONSE] 200 OK: www/static/index.html
[DONE] fd=5 keep-alive
[DISCONNECT] fd=5
